Archive member included to satisfy reference by file (symbol)

c:/ac6/systemworkbench/plugins/fr.ac6.mcu.externaltools.arm-none.win32_1.17.0.201812190825/tools/compiler/bin/../lib/gcc/arm-none-eabi/7.3.1/../../../../arm-none-eabi/lib/thumb/v7-m\libc.a(lib_a-errno.o)
                              src/syscalls.o (__errno)
c:/ac6/systemworkbench/plugins/fr.ac6.mcu.externaltools.arm-none.win32_1.17.0.201812190825/tools/compiler/bin/../lib/gcc/arm-none-eabi/7.3.1/../../../../arm-none-eabi/lib/thumb/v7-m\libc.a(lib_a-exit.o)
                              c:/ac6/systemworkbench/plugins/fr.ac6.mcu.externaltools.arm-none.win32_1.17.0.201812190825/tools/compiler/bin/../lib/gcc/arm-none-eabi/7.3.1/../../../../arm-none-eabi/lib/thumb/v7-m/crt0.o (exit)
c:/ac6/systemworkbench/plugins/fr.ac6.mcu.externaltools.arm-none.win32_1.17.0.201812190825/tools/compiler/bin/../lib/gcc/arm-none-eabi/7.3.1/../../../../arm-none-eabi/lib/thumb/v7-m\libc.a(lib_a-impure.o)
                              c:/ac6/systemworkbench/plugins/fr.ac6.mcu.externaltools.arm-none.win32_1.17.0.201812190825/tools/compiler/bin/../lib/gcc/arm-none-eabi/7.3.1/../../../../arm-none-eabi/lib/thumb/v7-m\libc.a(lib_a-exit.o) (_global_impure_ptr)
c:/ac6/systemworkbench/plugins/fr.ac6.mcu.externaltools.arm-none.win32_1.17.0.201812190825/tools/compiler/bin/../lib/gcc/arm-none-eabi/7.3.1/../../../../arm-none-eabi/lib/thumb/v7-m\libc.a(lib_a-init.o)
                              c:/ac6/systemworkbench/plugins/fr.ac6.mcu.externaltools.arm-none.win32_1.17.0.201812190825/tools/compiler/bin/../lib/gcc/arm-none-eabi/7.3.1/../../../../arm-none-eabi/lib/thumb/v7-m/crt0.o (__libc_init_array)
c:/ac6/systemworkbench/plugins/fr.ac6.mcu.externaltools.arm-none.win32_1.17.0.201812190825/tools/compiler/bin/../lib/gcc/arm-none-eabi/7.3.1/../../../../arm-none-eabi/lib/thumb/v7-m\libc.a(lib_a-memcmp.o)
                              Third-Party/SEGGER/OS/SEGGER_SYSVIEW_FreeRTOS.o (memcmp)
c:/ac6/systemworkbench/plugins/fr.ac6.mcu.externaltools.arm-none.win32_1.17.0.201812190825/tools/compiler/bin/../lib/gcc/arm-none-eabi/7.3.1/../../../../arm-none-eabi/lib/thumb/v7-m\libc.a(lib_a-memcpy.o)
                              Third-Party/FreeRTOS/org/Source/queue.o (memcpy)
c:/ac6/systemworkbench/plugins/fr.ac6.mcu.externaltools.arm-none.win32_1.17.0.201812190825/tools/compiler/bin/../lib/gcc/arm-none-eabi/7.3.1/../../../../arm-none-eabi/lib/thumb/v7-m\libc.a(lib_a-memset.o)
                              c:/ac6/systemworkbench/plugins/fr.ac6.mcu.externaltools.arm-none.win32_1.17.0.201812190825/tools/compiler/bin/../lib/gcc/arm-none-eabi/7.3.1/../../../../arm-none-eabi/lib/thumb/v7-m/crt0.o (memset)
c:/ac6/systemworkbench/plugins/fr.ac6.mcu.externaltools.arm-none.win32_1.17.0.201812190825/tools/compiler/bin/../lib/gcc/arm-none-eabi/7.3.1/../../../../arm-none-eabi/lib/thumb/v7-m\libc.a(lib_a-strlen-stub.o)
                              Third-Party/SEGGER/SEGGER/SEGGER_RTT.o (strlen)
c:/ac6/systemworkbench/plugins/fr.ac6.mcu.externaltools.arm-none.win32_1.17.0.201812190825/tools/compiler/bin/../lib/gcc/arm-none-eabi/7.3.1/../../../../arm-none-eabi/lib/thumb/v7-m\libc.a(lib_a-__call_atexit.o)
                              c:/ac6/systemworkbench/plugins/fr.ac6.mcu.externaltools.arm-none.win32_1.17.0.201812190825/tools/compiler/bin/../lib/gcc/arm-none-eabi/7.3.1/../../../../arm-none-eabi/lib/thumb/v7-m\libc.a(lib_a-exit.o) (__call_exitprocs)
c:/ac6/systemworkbench/plugins/fr.ac6.mcu.externaltools.arm-none.win32_1.17.0.201812190825/tools/compiler/bin/../lib/gcc/arm-none-eabi/7.3.1/../../../../arm-none-eabi/lib/thumb/v7-m\libc.a(lib_a-atexit.o)
                              c:/ac6/systemworkbench/plugins/fr.ac6.mcu.externaltools.arm-none.win32_1.17.0.201812190825/tools/compiler/bin/../lib/gcc/arm-none-eabi/7.3.1/../../../../arm-none-eabi/lib/thumb/v7-m\libc.a(lib_a-__call_atexit.o) (atexit)
c:/ac6/systemworkbench/plugins/fr.ac6.mcu.externaltools.arm-none.win32_1.17.0.201812190825/tools/compiler/bin/../lib/gcc/arm-none-eabi/7.3.1/../../../../arm-none-eabi/lib/thumb/v7-m\libc.a(lib_a-fini.o)
                              c:/ac6/systemworkbench/plugins/fr.ac6.mcu.externaltools.arm-none.win32_1.17.0.201812190825/tools/compiler/bin/../lib/gcc/arm-none-eabi/7.3.1/../../../../arm-none-eabi/lib/thumb/v7-m\libc.a(lib_a-__call_atexit.o) (__libc_fini_array)
c:/ac6/systemworkbench/plugins/fr.ac6.mcu.externaltools.arm-none.win32_1.17.0.201812190825/tools/compiler/bin/../lib/gcc/arm-none-eabi/7.3.1/../../../../arm-none-eabi/lib/thumb/v7-m\libc.a(lib_a-lock.o)
                              c:/ac6/systemworkbench/plugins/fr.ac6.mcu.externaltools.arm-none.win32_1.17.0.201812190825/tools/compiler/bin/../lib/gcc/arm-none-eabi/7.3.1/../../../../arm-none-eabi/lib/thumb/v7-m\libc.a(lib_a-__call_atexit.o) (__retarget_lock_acquire_recursive)
[...]
Memory Configuration

Name             Origin             Length             Attributes
FLASH            0x08000000         0x00020000         xr
RAM              0x20000000         0x00005000         xrw
MEMORY_B1        0x60000000         0x00000000         xr
*default*        0x00000000         0xffffffff

Linker script and memory map

LOAD c:/ac6/systemworkbench/plugins/fr.ac6.mcu.externaltools.arm-none.win32_1.17.0.201812190825/tools/compiler/bin/../lib/gcc/arm-none-eabi/7.3.1/thumb/v7-m/crti.o
LOAD c:/ac6/systemworkbench/plugins/fr.ac6.mcu.externaltools.arm-none.win32_1.17.0.201812190825/tools/compiler/bin/../lib/gcc/arm-none-eabi/7.3.1/thumb/v7-m/crtbegin.o
LOAD c:/ac6/systemworkbench/plugins/fr.ac6.mcu.externaltools.arm-none.win32_1.17.0.201812190825/tools/compiler/bin/../lib/gcc/arm-none-eabi/7.3.1/../../../../arm-none-eabi/lib/thumb/v7-m/crt0.o
LOAD StdPeriph_Driver/src/misc.o
LOAD StdPeriph_Driver/src/stm32f10x_adc.o
LOAD StdPeriph_Driver/src/stm32f10x_bkp.o
LOAD StdPeriph_Driver/src/stm32f10x_can.o
LOAD StdPeriph_Driver/src/stm32f10x_cec.o
LOAD StdPeriph_Driver/src/stm32f10x_crc.o
LOAD StdPeriph_Driver/src/stm32f10x_dac.o
LOAD StdPeriph_Driver/src/stm32f10x_dbgmcu.o
LOAD StdPeriph_Driver/src/stm32f10x_dma.o
LOAD StdPeriph_Driver/src/stm32f10x_exti.o
LOAD StdPeriph_Driver/src/stm32f10x_flash.o
LOAD StdPeriph_Driver/src/stm32f10x_fsmc.o
LOAD StdPeriph_Driver/src/stm32f10x_gpio.o
LOAD StdPeriph_Driver/src/stm32f10x_i2c.o
LOAD StdPeriph_Driver/src/stm32f10x_iwdg.o
LOAD StdPeriph_Driver/src/stm32f10x_pwr.o
LOAD StdPeriph_Driver/src/stm32f10x_rcc.o
LOAD StdPeriph_Driver/src/stm32f10x_rtc.o
LOAD StdPeriph_Driver/src/stm32f10x_sdio.o
LOAD StdPeriph_Driver/src/stm32f10x_spi.o
LOAD StdPeriph_Driver/src/stm32f10x_tim.o
LOAD StdPeriph_Driver/src/stm32f10x_usart.o
LOAD StdPeriph_Driver/src/stm32f10x_wwdg.o
LOAD Third-Party/FreeRTOS/org/Source/croutine.o
LOAD Third-Party/FreeRTOS/org/Source/event_groups.o
LOAD Third-Party/FreeRTOS/org/Source/list.o
LOAD Third-Party/FreeRTOS/org/Source/queue.o
LOAD Third-Party/FreeRTOS/org/Source/stream_buffer.o
LOAD Third-Party/FreeRTOS/org/Source/tasks.o
LOAD Third-Party/FreeRTOS/org/Source/timers.o
LOAD Third-Party/FreeRTOS/org/Source/portable/GCC/ARM_CM3/port.o
LOAD Third-Party/FreeRTOS/org/Source/portable/MemMang/heap_4.o
LOAD Third-Party/SEGGER/Config/SEGGER_SYSVIEW_Config_FreeRTOS.o
LOAD Third-Party/SEGGER/OS/SEGGER_SYSVIEW_FreeRTOS.o
LOAD Third-Party/SEGGER/SEGGER/SEGGER_RTT.o
LOAD Third-Party/SEGGER/SEGGER/SEGGER_SYSVIEW.o
LOAD Utilities/STM32F1xx-Nucleo/stm32f1xx_nucleo.o
LOAD src/main.o
LOAD src/syscalls.o
LOAD src/system_stm32f10x.o
LOAD startup/startup_stm32f10x_md.o
LOAD c:/ac6/systemworkbench/plugins/fr.ac6.mcu.externaltools.arm-none.win32_1.17.0.201812190825/tools/compiler/bin/../lib/gcc/arm-none-eabi/7.3.1/../../../../arm-none-eabi/lib/thumb/v7-m\libm.a
START GROUP
LOAD c:/ac6/systemworkbench/plugins/fr.ac6.mcu.externaltools.arm-none.win32_1.17.0.201812190825/tools/compiler/bin/../lib/gcc/arm-none-eabi/7.3.1/thumb/v7-m\libgcc.a
LOAD c:/ac6/systemworkbench/plugins/fr.ac6.mcu.externaltools.arm-none.win32_1.17.0.201812190825/tools/compiler/bin/../lib/gcc/arm-none-eabi/7.3.1/../../../../arm-none-eabi/lib/thumb/v7-m\libc.a
END GROUP
LOAD c:/ac6/systemworkbench/plugins/fr.ac6.mcu.externaltools.arm-none.win32_1.17.0.201812190825/tools/compiler/bin/../lib/gcc/arm-none-eabi/7.3.1/thumb/v7-m/crtend.o
LOAD c:/ac6/systemworkbench/plugins/fr.ac6.mcu.externaltools.arm-none.win32_1.17.0.201812190825/tools/compiler/bin/../lib/gcc/arm-none-eabi/7.3.1/thumb/v7-m/crtn.o
                0x20005000                _estack = 0x20005000
                0x00000000                _Min_Heap_Size = 0x0
                0x00000100                _Min_Stack_Size = 0x100

.isr_vector     0x08000000      0x10c
                0x08000000                . = ALIGN (0x4)
 *(.isr_vector)
 .isr_vector    0x08000000      0x10c startup/startup_stm32f10x_md.o
                0x08000000                g_pfnVectors
                0x0800010c                . = ALIGN (0x4)

.text           0x08000110     0x3810
                0x08000110                . = ALIGN (0x4)
 *(.text)
 .text          0x08000110       0x40 c:/ac6/systemworkbench/plugins/fr.ac6.mcu.externaltools.arm-none.win32_1.17.0.201812190825/tools/compiler/bin/../lib/gcc/arm-none-eabi/7.3.1/thumb/v7-m/crtbegin.o
 .text          0x08000150       0xec c:/ac6/systemworkbench/plugins/fr.ac6.mcu.externaltools.arm-none.win32_1.17.0.201812190825/tools/compiler/bin/../lib/gcc/arm-none-eabi/7.3.1/../../../../arm-none-eabi/lib/thumb/v7-m\libc.a(lib_a-memcpy.o)
                0x08000150                memcpy
 *(.text*)
 .text.EXTI_Init
                0x0800023c       0xe4 StdPeriph_Driver/src/stm32f10x_exti.o
                0x0800023c                EXTI_Init
 .text.EXTI_ClearITPendingBit
                0x08000320       0x1c StdPeriph_Driver/src/stm32f10x_exti.o
                0x08000320                EXTI_ClearITPendingBit
 .text.GPIO_Init
                0x0800033c      0x178 StdPeriph_Driver/src/stm32f10x_gpio.o
                0x0800033c                GPIO_Init
 .text.GPIO_WriteBit
                0x080004b4       0x2e StdPeriph_Driver/src/stm32f10x_gpio.o
                0x080004b4                GPIO_WriteBit
 *fill*         0x080004e2        0x2 
 .text.GPIO_PinRemapConfig
                0x080004e4       0xe0 StdPeriph_Driver/src/stm32f10x_gpio.o
                0x080004e4                GPIO_PinRemapConfig
 .text.GPIO_EXTILineConfig
                0x080005c4       0x80 StdPeriph_Driver/src/stm32f10x_gpio.o
                0x080005c4                GPIO_EXTILineConfig
 .text.RCC_DeInit
                0x08000644       0x5c StdPeriph_Driver/src/stm32f10x_rcc.o
                0x08000644                RCC_DeInit
 .text.RCC_GetClocksFreq
                0x080006a0      0x160 StdPeriph_Driver/src/stm32f10x_rcc.o
                0x080006a0                RCC_GetClocksFreq
 .text.RCC_APB2PeriphClockCmd
                0x08000800       0x3c StdPeriph_Driver/src/stm32f10x_rcc.o
                0x08000800                RCC_APB2PeriphClockCmd
 .text.RCC_APB1PeriphClockCmd
                0x0800083c       0x3c StdPeriph_Driver/src/stm32f10x_rcc.o
                0x0800083c                RCC_APB1PeriphClockCmd
 .text.USART_Init
                0x08000878      0x174 StdPeriph_Driver/src/stm32f10x_usart.o
                0x08000878                USART_Init
 .text.USART_Cmd
                0x080009ec       0x3e StdPeriph_Driver/src/stm32f10x_usart.o
                0x080009ec                USART_Cmd
 .text.USART_SendData
                0x08000a2a       0x22 StdPeriph_Driver/src/stm32f10x_usart.o
                0x08000a2a                USART_SendData
 .text.USART_GetFlagStatus
                0x08000a4c       0x36 StdPeriph_Driver/src/stm32f10x_usart.o
                0x08000a4c                USART_GetFlagStatus
 .text.vListInitialise
                0x08000a82       0x3e Third-Party/FreeRTOS/org/Source/list.o
                0x08000a82                vListInitialise
 .text.vListInitialiseItem
                0x08000ac0       0x18 Third-Party/FreeRTOS/org/Source/list.o
                0x08000ac0                vListInitialiseItem
 .text.vListInsertEnd
                0x08000ad8       0x46 Third-Party/FreeRTOS/org/Source/list.o
                0x08000ad8                vListInsertEnd
 .text.uxListRemove
                0x08000b1e       0x52 Third-Party/FreeRTOS/org/Source/list.o
                0x08000b1e                uxListRemove
 .text.xTaskCreate
                0x08000b70       0x82 Third-Party/FreeRTOS/org/Source/tasks.o
                0x08000b70                xTaskCreate
 .text.prvInitialiseNewTask
                0x08000bf2       0xee Third-Party/FreeRTOS/org/Source/tasks.o
 .text.prvAddNewTaskToReadyList
                0x08000ce0      0x118 Third-Party/FreeRTOS/org/Source/tasks.o
 .text.vTaskStartScheduler
                0x08000df8       0x8c Third-Party/FreeRTOS/org/Source/tasks.o
                0x08000df8                vTaskStartScheduler
 .text.vTaskSuspendAll
                0x08000e84       0x1c Third-Party/FreeRTOS/org/Source/tasks.o
                0x08000e84                vTaskSuspendAll
 .text.xTaskResumeAll
                0x08000ea0      0x124 Third-Party/FreeRTOS/org/Source/tasks.o
                0x08000ea0                xTaskResumeAll
 .text.xTaskGetTickCountFromISR
                0x08000fc4       0x20 Third-Party/FreeRTOS/org/Source/tasks.o
                0x08000fc4                xTaskGetTickCountFromISR
 .text.xTaskIncrementTick
                0x08000fe4      0x158 Third-Party/FreeRTOS/org/Source/tasks.o
                0x08000fe4                xTaskIncrementTick
 .text.vTaskSwitchContext
                0x0800113c       0xa8 Third-Party/FreeRTOS/org/Source/tasks.o
                0x0800113c                vTaskSwitchContext
 .text.prvIdleTask
                0x080011e4       0x30 Third-Party/FreeRTOS/org/Source/tasks.o
 .text.prvInitialiseTaskLists
                0x08001214       0x80 Third-Party/FreeRTOS/org/Source/tasks.o
 .text.prvCheckTasksWaitingTermination
                0x08001294       0x58 Third-Party/FreeRTOS/org/Source/tasks.o
 .text.prvDeleteTCB
                0x080012ec       0x20 Third-Party/FreeRTOS/org/Source/tasks.o
 .text.prvResetNextTaskUnblockTime
                0x0800130c       0x40 Third-Party/FreeRTOS/org/Source/tasks.o
 .text.pxPortInitialiseStack
                0x0800134c       0x58 Third-Party/FreeRTOS/org/Source/portable/GCC/ARM_CM3/port.o
                0x0800134c                pxPortInitialiseStack
 .text.prvTaskExitError
                0x080013a4       0x2e Third-Party/FreeRTOS/org/Source/portable/GCC/ARM_CM3/port.o
 *fill*         0x080013d2        0xe 
 .text.SVC_Handler
                0x080013e0       0x28 Third-Party/FreeRTOS/org/Source/portable/GCC/ARM_CM3/port.o
                0x080013e0                SVC_Handler
 .text.prvPortStartFirstTask
                0x08001408       0x20 Third-Party/FreeRTOS/org/Source/portable/GCC/ARM_CM3/port.o
 .text.xPortStartScheduler
                0x08001428       0x40 Third-Party/FreeRTOS/org/Source/portable/GCC/ARM_CM3/port.o
                0x08001428                xPortStartScheduler
 .text.vPortEnterCritical
                0x08001468       0x30 Third-Party/FreeRTOS/org/Source/portable/GCC/ARM_CM3/port.o
                0x08001468                vPortEnterCritical
 .text.vPortExitCritical
                0x08001498       0x30 Third-Party/FreeRTOS/org/Source/portable/GCC/ARM_CM3/port.o
                0x08001498                vPortExitCritical
 *fill*         0x080014c8        0x8 
 .text.PendSV_Handler
                0x080014d0       0x48 Third-Party/FreeRTOS/org/Source/portable/GCC/ARM_CM3/port.o
                0x080014d0                PendSV_Handler
 .text.SysTick_Handler
                0x08001518       0x50 Third-Party/FreeRTOS/org/Source/portable/GCC/ARM_CM3/port.o
                0x08001518                SysTick_Handler
 .text.vPortSetupTimerInterrupt
                0x08001568       0x34 Third-Party/FreeRTOS/org/Source/portable/GCC/ARM_CM3/port.o
                0x08001568                vPortSetupTimerInterrupt
 .text.pvPortMalloc
                0x0800159c      0x128 Third-Party/FreeRTOS/org/Source/portable/MemMang/heap_4.o
                0x0800159c                pvPortMalloc
 .text.vPortFree
                0x080016c4       0x74 Third-Party/FreeRTOS/org/Source/portable/MemMang/heap_4.o
                0x080016c4                vPortFree
 .text.prvHeapInit
                0x08001738       0xc4 Third-Party/FreeRTOS/org/Source/portable/MemMang/heap_4.o
 .text.prvInsertBlockIntoFreeList
                0x080017fc       0xb0 Third-Party/FreeRTOS/org/Source/portable/MemMang/heap_4.o
 .text._cbSendSystemDesc
                0x080018ac       0x1c Third-Party/SEGGER/Config/SEGGER_SYSVIEW_Config_FreeRTOS.o
 .text.SEGGER_SYSVIEW_Conf
                0x080018c8       0x28 Third-Party/SEGGER/Config/SEGGER_SYSVIEW_Config_FreeRTOS.o
                0x080018c8                SEGGER_SYSVIEW_Conf
 .text._cbSendTaskList
                0x080018f0       0x90 Third-Party/SEGGER/OS/SEGGER_SYSVIEW_FreeRTOS.o
 .text._cbGetTime
                0x08001980       0x84 Third-Party/SEGGER/OS/SEGGER_SYSVIEW_FreeRTOS.o
 .text.SYSVIEW_AddTask
                0x08001a04       0xd0 Third-Party/SEGGER/OS/SEGGER_SYSVIEW_FreeRTOS.o
                0x08001a04                SYSVIEW_AddTask
 .text.SYSVIEW_SendTaskInfo
                0x08001ad4       0x42 Third-Party/SEGGER/OS/SEGGER_SYSVIEW_FreeRTOS.o
                0x08001ad4                SYSVIEW_SendTaskInfo
 *fill*         0x08001b16        0x2 
 .text._DoInit  0x08001b18       0xa4 Third-Party/SEGGER/SEGGER/SEGGER_RTT.o
 .text.SEGGER_RTT_ReadNoLock
                0x08001bbc      0x104 Third-Party/SEGGER/SEGGER/SEGGER_RTT.o
                0x08001bbc                SEGGER_RTT_ReadNoLock
 .text.SEGGER_RTT_WriteSkipNoLock
                0x08001cc0      0x120 Third-Party/SEGGER/SEGGER/SEGGER_RTT.o
                0x08001cc0                SEGGER_RTT_WriteSkipNoLock
 .text.SEGGER_RTT_ConfigUpBuffer
                0x08001de0       0xd4 Third-Party/SEGGER/SEGGER/SEGGER_RTT.o
                0x08001de0                SEGGER_RTT_ConfigUpBuffer
 .text.SEGGER_RTT_ConfigDownBuffer
                0x08001eb4       0xd4 Third-Party/SEGGER/SEGGER/SEGGER_RTT.o
                0x08001eb4                SEGGER_RTT_ConfigDownBuffer
 .text._EncodeStr
                0x08001f88       0x98 Third-Party/SEGGER/SEGGER/SEGGER_SYSVIEW.o
 .text._PreparePacket
                0x08002020       0x16 Third-Party/SEGGER/SEGGER/SEGGER_SYSVIEW.o
 .text._HandleIncomingPacket
                0x08002036       0xb8 Third-Party/SEGGER/SEGGER/SEGGER_SYSVIEW.o
 *fill*         0x080020ee        0x2 
 .text._TrySendOverflowPacket
                0x080020f0       0xe0 Third-Party/SEGGER/SEGGER/SEGGER_SYSVIEW.o
 .text._SendPacket
                0x080021d0      0x1a8 Third-Party/SEGGER/SEGGER/SEGGER_SYSVIEW.o
 .text.SEGGER_SYSVIEW_Init
                0x08002378       0x7c Third-Party/SEGGER/SEGGER/SEGGER_SYSVIEW.o
                0x08002378                SEGGER_SYSVIEW_Init
 .text.SEGGER_SYSVIEW_SetRAMBase
                0x080023f4       0x1c Third-Party/SEGGER/SEGGER/SEGGER_SYSVIEW.o
                0x080023f4                SEGGER_SYSVIEW_SetRAMBase
 .text.SEGGER_SYSVIEW_RecordVoid
                0x08002410       0x3c Third-Party/SEGGER/SEGGER/SEGGER_SYSVIEW.o
                0x08002410                SEGGER_SYSVIEW_RecordVoid
 .text.SEGGER_SYSVIEW_RecordU32
                0x0800244c       0x78 Third-Party/SEGGER/SEGGER/SEGGER_SYSVIEW.o
                0x0800244c                SEGGER_SYSVIEW_RecordU32
 .text.SEGGER_SYSVIEW_RecordU32x2
                0x080024c4       0xb4 Third-Party/SEGGER/SEGGER/SEGGER_SYSVIEW.o
                0x080024c4                SEGGER_SYSVIEW_RecordU32x2
 .text.SEGGER_SYSVIEW_Start
                0x08002578      0x178 Third-Party/SEGGER/SEGGER/SEGGER_SYSVIEW.o
                0x08002578                SEGGER_SYSVIEW_Start
 .text.SEGGER_SYSVIEW_Stop
                0x080026f0       0x4c Third-Party/SEGGER/SEGGER/SEGGER_SYSVIEW.o
                0x080026f0                SEGGER_SYSVIEW_Stop
 .text.SEGGER_SYSVIEW_GetSysDesc
                0x0800273c      0x134 Third-Party/SEGGER/SEGGER/SEGGER_SYSVIEW.o
                0x0800273c                SEGGER_SYSVIEW_GetSysDesc
 .text.SEGGER_SYSVIEW_SendTaskInfo
                0x08002870      0x1cc Third-Party/SEGGER/SEGGER/SEGGER_SYSVIEW.o
                0x08002870                SEGGER_SYSVIEW_SendTaskInfo
 .text.SEGGER_SYSVIEW_SendTaskList
                0x08002a3c       0x28 Third-Party/SEGGER/SEGGER/SEGGER_SYSVIEW.o
                0x08002a3c                SEGGER_SYSVIEW_SendTaskList
 .text.SEGGER_SYSVIEW_SendSysDesc
                0x08002a64       0x48 Third-Party/SEGGER/SEGGER/SEGGER_SYSVIEW.o
                0x08002a64                SEGGER_SYSVIEW_SendSysDesc
 .text.SEGGER_SYSVIEW_RecordSystime
                0x08002aac       0x60 Third-Party/SEGGER/SEGGER/SEGGER_SYSVIEW.o
                0x08002aac                SEGGER_SYSVIEW_RecordSystime
 .text.SEGGER_SYSVIEW_RecordEnterISR
                0x08002b0c       0x84 Third-Party/SEGGER/SEGGER/SEGGER_SYSVIEW.o
                0x08002b0c                SEGGER_SYSVIEW_RecordEnterISR
 .text.SEGGER_SYSVIEW_RecordExitISR
                0x08002b90       0x38 Third-Party/SEGGER/SEGGER/SEGGER_SYSVIEW.o
                0x08002b90                SEGGER_SYSVIEW_RecordExitISR
 .text.SEGGER_SYSVIEW_RecordExitISRToScheduler
                0x08002bc8       0x38 Third-Party/SEGGER/SEGGER/SEGGER_SYSVIEW.o
                0x08002bc8                SEGGER_SYSVIEW_RecordExitISRToScheduler
 .text.SEGGER_SYSVIEW_OnIdle
                0x08002c00       0x38 Third-Party/SEGGER/SEGGER/SEGGER_SYSVIEW.o
                0x08002c00                SEGGER_SYSVIEW_OnIdle
 .text.SEGGER_SYSVIEW_OnTaskCreate
                0x08002c38       0x88 Third-Party/SEGGER/SEGGER/SEGGER_SYSVIEW.o
                0x08002c38                SEGGER_SYSVIEW_OnTaskCreate
 .text.SEGGER_SYSVIEW_OnTaskStartExec
                0x08002cc0       0x88 Third-Party/SEGGER/SEGGER/SEGGER_SYSVIEW.o
                0x08002cc0                SEGGER_SYSVIEW_OnTaskStartExec
 .text.SEGGER_SYSVIEW_OnTaskStartReady
                0x08002d48       0x88 Third-Party/SEGGER/SEGGER/SEGGER_SYSVIEW.o
                0x08002d48                SEGGER_SYSVIEW_OnTaskStartReady
 .text.SEGGER_SYSVIEW_SendModule
                0x08002dd0      0x100 Third-Party/SEGGER/SEGGER/SEGGER_SYSVIEW.o
                0x08002dd0                SEGGER_SYSVIEW_SendModule
 .text.SEGGER_SYSVIEW_SendModuleDescription
                0x08002ed0       0x3c Third-Party/SEGGER/SEGGER/SEGGER_SYSVIEW.o
                0x08002ed0                SEGGER_SYSVIEW_SendModuleDescription
 .text.SEGGER_SYSVIEW_SendNumModules
                0x08002f0c       0x7c Third-Party/SEGGER/SEGGER/SEGGER_SYSVIEW.o
                0x08002f0c                SEGGER_SYSVIEW_SendNumModules
 .text.SEGGER_SYSVIEW_Print
                0x08002f88       0xb8 Third-Party/SEGGER/SEGGER/SEGGER_SYSVIEW.o
                0x08002f88                SEGGER_SYSVIEW_Print
 .text.SEGGER_SYSVIEW_Warn
                0x08003040       0xb8 Third-Party/SEGGER/SEGGER/SEGGER_SYSVIEW.o
                0x08003040                SEGGER_SYSVIEW_Warn
 .text.NVIC_EnableIRQ
                0x080030f8       0x30 src/main.o
 .text.NVIC_SetPriority
                0x08003128       0x54 src/main.o
 .text.main     0x0800317c       0x8c src/main.o
                0x0800317c                main
 .text.led_task_handler
                0x08003208       0x44 src/main.o
                0x08003208                led_task_handler
 .text.buttom_handler
                0x0800324c       0x24 src/main.o
                0x0800324c                buttom_handler
 .text.prvSetupUART
                0x08003270       0x8c src/main.o
 .text.prvSetupHardware
                0x080032fc       0x10 src/main.o
 .text.prvSetupGpio
                0x0800330c       0x90 src/main.o
 .text.EXTI15_10_IRQHandler
                0x0800339c       0x1e src/main.o
                0x0800339c                EXTI15_10_IRQHandler
 *fill*         0x080033ba        0x2 
 .text.printMsg
                0x080033bc       0x50 src/main.o
                0x080033bc                printMsg
 .text.SystemInit
                0x0800340c       0x68 src/system_stm32f10x.o
                0x0800340c                SystemInit
 .text.SystemCoreClockUpdate
                0x08003474       0xd8 src/system_stm32f10x.o
                0x08003474                SystemCoreClockUpdate
 .text.SetSysClock
                0x0800354c       0xb8 src/system_stm32f10x.o
 .text.Reset_Handler
                0x08003604       0x48 startup/startup_stm32f10x_md.o
                0x08003604                Reset_Handler
 .text.Default_Handler
                0x0800364c        0x2 startup/startup_stm32f10x_md.o
                0x0800364c                EXTI2_IRQHandler
                0x0800364c                DebugMon_Handler
                0x0800364c                TIM1_CC_IRQHandler
                0x0800364c                HardFault_Handler
                0x0800364c                PVD_IRQHandler
                0x0800364c                NMI_Handler
                0x0800364c                EXTI3_IRQHandler
                0x0800364c                EXTI0_IRQHandler
                0x0800364c                I2C2_EV_IRQHandler
                0x0800364c                UsageFault_Handler
                0x0800364c                ADC1_2_IRQHandler
                0x0800364c                SPI1_IRQHandler
                0x0800364c                TAMPER_IRQHandler
                0x0800364c                DMA1_Channel4_IRQHandler
                0x0800364c                USART3_IRQHandler
                0x0800364c                RTC_IRQHandler
                0x0800364c                DMA1_Channel7_IRQHandler
                0x0800364c                CAN1_RX1_IRQHandler
                0x0800364c                TIM4_IRQHandler
                0x0800364c                I2C1_EV_IRQHandler
                0x0800364c                DMA1_Channel6_IRQHandler
                0x0800364c                TIM3_IRQHandler
                0x0800364c                RCC_IRQHandler
                0x0800364c                TIM1_TRG_COM_IRQHandler
                0x0800364c                DMA1_Channel1_IRQHandler
                0x0800364c                Default_Handler
                0x0800364c                EXTI9_5_IRQHandler
                0x0800364c                SPI2_IRQHandler
                0x0800364c                MemManage_Handler
                0x0800364c                DMA1_Channel5_IRQHandler
                0x0800364c                EXTI4_IRQHandler
                0x0800364c                USB_LP_CAN1_RX0_IRQHandler
                0x0800364c                USB_HP_CAN1_TX_IRQHandler
                0x0800364c                DMA1_Channel3_IRQHandler
                0x0800364c                TIM1_UP_IRQHandler
                0x0800364c                WWDG_IRQHandler
                0x0800364c                TIM2_IRQHandler
                0x0800364c                TIM1_BRK_IRQHandler
                0x0800364c                EXTI1_IRQHandler
                0x0800364c                RTCAlarm_IRQHandler
                0x0800364c                USART2_IRQHandler
                0x0800364c                I2C2_ER_IRQHandler
                0x0800364c                DMA1_Channel2_IRQHandler
                0x0800364c                CAN1_SCE_IRQHandler
                0x0800364c                FLASH_IRQHandler
                0x0800364c                BusFault_Handler
                0x0800364c                USART1_IRQHandler
                0x0800364c                I2C1_ER_IRQHandler
                0x0800364c                USBWakeUp_IRQHandler
 *fill*         0x0800364e        0x2 
 .text.__libc_init_array
                0x08003650       0x48 c:/ac6/systemworkbench/plugins/fr.ac6.mcu.externaltools.arm-none.win32_1.17.0.201812190825/tools/compiler/bin/../lib/gcc/arm-none-eabi/7.3.1/../../../../arm-none-eabi/lib/thumb/v7-m\libc.a(lib_a-init.o)
                0x08003650                __libc_init_array
 .text.memcmp   0x08003698       0x64 c:/ac6/systemworkbench/plugins/fr.ac6.mcu.externaltools.arm-none.win32_1.17.0.201812190825/tools/compiler/bin/../lib/gcc/arm-none-eabi/7.3.1/../../../../arm-none-eabi/lib/thumb/v7-m\libc.a(lib_a-memcmp.o)
                0x08003698                memcmp
 .text.memset   0x080036fc       0x94 c:/ac6/systemworkbench/plugins/fr.ac6.mcu.externaltools.arm-none.win32_1.17.0.201812190825/tools/compiler/bin/../lib/gcc/arm-none-eabi/7.3.1/../../../../arm-none-eabi/lib/thumb/v7-m\libc.a(lib_a-memset.o)
                0x080036fc                memset
 .text.strlen   0x08003790       0x5c c:/ac6/systemworkbench/plugins/fr.ac6.mcu.externaltools.arm-none.win32_1.17.0.201812190825/tools/compiler/bin/../lib/gcc/arm-none-eabi/7.3.1/../../../../arm-none-eabi/lib/thumb/v7-m\libc.a(lib_a-strlen-stub.o)
                0x08003790                strlen
 .text.startup.register_fini
                0x080037ec       0x14 c:/ac6/systemworkbench/plugins/fr.ac6.mcu.externaltools.arm-none.win32_1.17.0.201812190825/tools/compiler/bin/../lib/gcc/arm-none-eabi/7.3.1/../../../../arm-none-eabi/lib/thumb/v7-m\libc.a(lib_a-__call_atexit.o)
 .text.atexit   0x08003800        0xc c:/ac6/systemworkbench/plugins/fr.ac6.mcu.externaltools.arm-none.win32_1.17.0.201812190825/tools/compiler/bin/../lib/gcc/arm-none-eabi/7.3.1/../../../../arm-none-eabi/lib/thumb/v7-m\libc.a(lib_a-atexit.o)
                0x08003800                atexit
 .text.__libc_fini_array
                0x0800380c       0x34 c:/ac6/systemworkbench/plugins/fr.ac6.mcu.externaltools.arm-none.win32_1.17.0.201812190825/tools/compiler/bin/../lib/gcc/arm-none-eabi/7.3.1/../../../../arm-none-eabi/lib/thumb/v7-m\libc.a(lib_a-fini.o)
                0x0800380c                __libc_fini_array
 .text.__retarget_lock_acquire_recursive
                0x08003840        0x4 c:/ac6/systemworkbench/plugins/fr.ac6.mcu.externaltools.arm-none.win32_1.17.0.201812190825/tools/compiler/bin/../lib/gcc/arm-none-eabi/7.3.1/../../../../arm-none-eabi/lib/thumb/v7-m\libc.a(lib_a-lock.o)
                0x08003840                __retarget_lock_acquire_recursive
 .text.__retarget_lock_release_recursive
                0x08003844        0x4 c:/ac6/systemworkbench/plugins/fr.ac6.mcu.externaltools.arm-none.win32_1.17.0.201812190825/tools/compiler/bin/../lib/gcc/arm-none-eabi/7.3.1/../../../../arm-none-eabi/lib/thumb/v7-m\libc.a(lib_a-lock.o)
                0x08003844                __retarget_lock_release_recursive
 .text.__register_exitproc
                0x08003848       0xc0 c:/ac6/systemworkbench/plugins/fr.ac6.mcu.externaltools.arm-none.win32_1.17.0.201812190825/tools/compiler/bin/../lib/gcc/arm-none-eabi/7.3.1/../../../../arm-none-eabi/lib/thumb/v7-m\libc.a(lib_a-__atexit.o)
                0x08003848                __register_exitproc
 *(.glue_7)
 .glue_7        0x08003908        0x0 linker stubs
 *(.glue_7t)
 .glue_7t       0x08003908        0x0 linker stubs
 *(.eh_frame)
 .eh_frame      0x08003908        0x0 c:/ac6/systemworkbench/plugins/fr.ac6.mcu.externaltools.arm-none.win32_1.17.0.201812190825/tools/compiler/bin/../lib/gcc/arm-none-eabi/7.3.1/thumb/v7-m/crtbegin.o
 *(.init)
 .init          0x08003908        0x4 c:/ac6/systemworkbench/plugins/fr.ac6.mcu.externaltools.arm-none.win32_1.17.0.201812190825/tools/compiler/bin/../lib/gcc/arm-none-eabi/7.3.1/thumb/v7-m/crti.o
                0x08003908                _init
 .init          0x0800390c        0x8 c:/ac6/systemworkbench/plugins/fr.ac6.mcu.externaltools.arm-none.win32_1.17.0.201812190825/tools/compiler/bin/../lib/gcc/arm-none-eabi/7.3.1/thumb/v7-m/crtn.o
 *(.fini)
 .fini          0x08003914        0x4 c:/ac6/systemworkbench/plugins/fr.ac6.mcu.externaltools.arm-none.win32_1.17.0.201812190825/tools/compiler/bin/../lib/gcc/arm-none-eabi/7.3.1/thumb/v7-m/crti.o
                0x08003914                _fini
 .fini          0x08003918        0x8 c:/ac6/systemworkbench/plugins/fr.ac6.mcu.externaltools.arm-none.win32_1.17.0.201812190825/tools/compiler/bin/../lib/gcc/arm-none-eabi/7.3.1/thumb/v7-m/crtn.o
                0x08003920                . = ALIGN (0x4)
                0x08003920                _etext = .

.vfp11_veneer   0x08003920        0x0
 .vfp11_veneer  0x08003920        0x0 linker stubs

.v4_bx          0x08003920        0x0
 .v4_bx         0x08003920        0x0 linker stubs

.iplt           0x08003920        0x0
 .iplt          0x08003920        0x0 c:/ac6/systemworkbench/plugins/fr.ac6.mcu.externaltools.arm-none.win32_1.17.0.201812190825/tools/compiler/bin/../lib/gcc/arm-none-eabi/7.3.1/thumb/v7-m/crtbegin.o

.rodata         0x08003920      0x144
                0x08003920                . = ALIGN (0x4)
 *(.rodata)
 .rodata        0x08003920        0x5 Third-Party/FreeRTOS/org/Source/tasks.o
 *fill*         0x08003925        0x3 
 .rodata        0x08003928       0x51 Third-Party/SEGGER/Config/SEGGER_SYSVIEW_Config_FreeRTOS.o
 *fill*         0x08003979        0x3 
 .rodata        0x0800397c       0x60 Third-Party/SEGGER/OS/SEGGER_SYSVIEW_FreeRTOS.o
                0x080039d4                SYSVIEW_X_OS_TraceAPI
 .rodata        0x080039dc       0x17 Third-Party/SEGGER/SEGGER/SEGGER_RTT.o
 *fill*         0x080039f3        0x1 
 .rodata        0x080039f4       0x24 Third-Party/SEGGER/SEGGER/SEGGER_SYSVIEW.o
 .rodata        0x08003a18       0x48 src/main.o
 *(.rodata*)
 .rodata._global_impure_ptr
                0x08003a60        0x4 c:/ac6/systemworkbench/plugins/fr.ac6.mcu.externaltools.arm-none.win32_1.17.0.201812190825/tools/compiler/bin/../lib/gcc/arm-none-eabi/7.3.1/../../../../arm-none-eabi/lib/thumb/v7-m\libc.a(lib_a-impure.o)
                0x08003a60                _global_impure_ptr
                0x08003a64                . = ALIGN (0x4)

.rel.dyn        0x08003a64        0x0
 .rel.iplt      0x08003a64        0x0 c:/ac6/systemworkbench/plugins/fr.ac6.mcu.externaltools.arm-none.win32_1.17.0.201812190825/tools/compiler/bin/../lib/gcc/arm-none-eabi/7.3.1/thumb/v7-m/crtbegin.o

.ARM.extab
 *(.ARM.extab* .gnu.linkonce.armextab.*)

.ARM            0x08003a64        0x0
                0x08003a64                __exidx_start = .
 *(.ARM.exidx*)
                0x08003a64                __exidx_end = .

.preinit_array  0x08003a64        0x0
                0x08003a64                PROVIDE (__preinit_array_start = .)
 *(.preinit_array*)
                0x08003a64                PROVIDE (__preinit_array_end = .)

.init_array     0x08003a64        0x8
                0x08003a64                PROVIDE (__init_array_start = .)
 *(SORT_BY_NAME(.init_array.*))
 .init_array.00000
                0x08003a64        0x4 c:/ac6/systemworkbench/plugins/fr.ac6.mcu.externaltools.arm-none.win32_1.17.0.201812190825/tools/compiler/bin/../lib/gcc/arm-none-eabi/7.3.1/../../../../arm-none-eabi/lib/thumb/v7-m\libc.a(lib_a-__call_atexit.o)
 *(.init_array*)
 .init_array    0x08003a68        0x4 c:/ac6/systemworkbench/plugins/fr.ac6.mcu.externaltools.arm-none.win32_1.17.0.201812190825/tools/compiler/bin/../lib/gcc/arm-none-eabi/7.3.1/thumb/v7-m/crtbegin.o
                0x08003a6c                PROVIDE (__init_array_end = .)

.fini_array     0x08003a6c        0x4
                0x08003a6c                PROVIDE (__fini_array_start = .)
 *(SORT_BY_NAME(.fini_array.*))
 *(.fini_array*)
 .fini_array    0x08003a6c        0x4 c:/ac6/systemworkbench/plugins/fr.ac6.mcu.externaltools.arm-none.win32_1.17.0.201812190825/tools/compiler/bin/../lib/gcc/arm-none-eabi/7.3.1/thumb/v7-m/crtbegin.o
                0x08003a70                PROVIDE (__fini_array_end = .)
                0x08003a70                _sidata = LOADADDR (.data)

.data           0x20000000      0x45c load address 0x08003a70
                0x20000000                . = ALIGN (0x4)
                0x20000000                _sdata = .
 *(.data)
 .data          0x20000000       0x14 StdPeriph_Driver/src/stm32f10x_rcc.o
 .data          0x20000014        0x4 Third-Party/FreeRTOS/org/Source/portable/GCC/ARM_CM3/port.o
 .data          0x20000018       0x14 src/system_stm32f10x.o
                0x20000018                SystemCoreClock
                0x2000001c                AHBPrescTable
 *(.data*)
 *fill*         0x2000002c        0x4 
 .data.impure_data
                0x20000030      0x428 c:/ac6/systemworkbench/plugins/fr.ac6.mcu.externaltools.arm-none.win32_1.17.0.201812190825/tools/compiler/bin/../lib/gcc/arm-none-eabi/7.3.1/../../../../arm-none-eabi/lib/thumb/v7-m\libc.a(lib_a-impure.o)
 .data.__atexit_recursive_mutex
                0x20000458        0x4 c:/ac6/systemworkbench/plugins/fr.ac6.mcu.externaltools.arm-none.win32_1.17.0.201812190825/tools/compiler/bin/../lib/gcc/arm-none-eabi/7.3.1/../../../../arm-none-eabi/lib/thumb/v7-m\libc.a(lib_a-__call_atexit.o)
                0x20000458                __atexit_recursive_mutex
                0x2000045c                . = ALIGN (0x4)
                0x2000045c                _edata = .

.igot.plt       0x2000045c        0x0 load address 0x08003ecc
 .igot.plt      0x2000045c        0x0 c:/ac6/systemworkbench/plugins/fr.ac6.mcu.externaltools.arm-none.win32_1.17.0.201812190825/tools/compiler/bin/../lib/gcc/arm-none-eabi/7.3.1/thumb/v7-m/crtbegin.o
                0x2000045c                . = ALIGN (0x4)

.bss            0x2000045c     0x48e0 load address 0x08003ecc
                0x2000045c                _sbss = .
                0x2000045c                __bss_start__ = _sbss
 *(.bss)
 .bss           0x2000045c       0x1c c:/ac6/systemworkbench/plugins/fr.ac6.mcu.externaltools.arm-none.win32_1.17.0.201812190825/tools/compiler/bin/../lib/gcc/arm-none-eabi/7.3.1/thumb/v7-m/crtbegin.o
 .bss           0x20000478      0x104 Third-Party/FreeRTOS/org/Source/tasks.o
                0x20000478                pxCurrentTCB
 .bss           0x2000057c     0x3c18 Third-Party/FreeRTOS/org/Source/portable/MemMang/heap_4.o
 .bss           0x20004194       0xa4 Third-Party/SEGGER/OS/SEGGER_SYSVIEW_FreeRTOS.o
 .bss           0x20004238      0x411 Third-Party/SEGGER/SEGGER/SEGGER_RTT.o
 *fill*         0x20004649        0x3 
 .bss           0x2000464c      0x51b Third-Party/SEGGER/SEGGER/SEGGER_SYSVIEW.o
 *fill*         0x20004b67        0x1 
 .bss           0x20004b68        0xc src/main.o
                0x20004b68                button_status_flag
                0x20004b6c                xTaskHandle1
                0x20004b70                xTaskHandle2
 *(.bss*)
 *(COMMON)
 COMMON         0x20004b74       0xa8 Third-Party/SEGGER/SEGGER/SEGGER_RTT.o
                0x20004b74                _SEGGER_RTT
 COMMON         0x20004c1c       0xfa src/main.o
                0x20004c1c                usr_msg
 *fill*         0x20004d16        0x2 
 COMMON         0x20004d18       0x21 c:/ac6/systemworkbench/plugins/fr.ac6.mcu.externaltools.arm-none.win32_1.17.0.201812190825/tools/compiler/bin/../lib/gcc/arm-none-eabi/7.3.1/../../../../arm-none-eabi/lib/thumb/v7-m\libc.a(lib_a-lock.o)
                0x20004d18                __lock___atexit_recursive_mutex
                0x20004d1c                __lock___arc4random_mutex
                0x20004d20                __lock___env_recursive_mutex
                0x20004d24                __lock___sinit_recursive_mutex
                0x20004d28                __lock___malloc_recursive_mutex
                0x20004d2c                __lock___at_quick_exit_mutex
                0x20004d30                __lock___dd_hash_mutex
                0x20004d34                __lock___tz_mutex
                0x20004d38                __lock___sfp_recursive_mutex
                0x20004d3c                . = ALIGN (0x4)
 *fill*         0x20004d39        0x3 
                0x20004d3c                _ebss = .
                0x20004d3c                __bss_end__ = _ebss

._user_heap_stack
                0x20004d3c      0x104 load address 0x08003ecc
                0x20004d40                . = ALIGN (0x8)
 *fill*         0x20004d3c        0x4 
                0x20004d40                PROVIDE (end = .)
                [!provide]                PROVIDE (_end = .)
                0x20004d40                . = (. + _Min_Heap_Size)
                0x20004e40                . = (. + _Min_Stack_Size)
 *fill*         0x20004d40      0x100 
                0x20004e40                . = ALIGN (0x8)

.memory_b1_text
 *(.mb1text)
 *(.mb1text*)
 *(.mb1rodata)
 *(.mb1rodata*)

/DISCARD/
 libc.a(*)
 libm.a(*)
 libgcc.a(*)

.ARM.attributes
                0x00000000       0x29
 *(.ARM.attributes)
 .ARM.attributes
                0x00000000       0x1d c:/ac6/systemworkbench/plugins/fr.ac6.mcu.externaltools.arm-none.win32_1.17.0.201812190825/tools/compiler/bin/../lib/gcc/arm-none-eabi/7.3.1/thumb/v7-m/crti.o
 .ARM.attributes
                0x0000001d       0x2d c:/ac6/systemworkbench/plugins/fr.ac6.mcu.externaltools.arm-none.win32_1.17.0.201812190825/tools/compiler/bin/../lib/gcc/arm-none-eabi/7.3.1/thumb/v7-m/crtbegin.o
 .ARM.attributes
                0x0000004a       0x33 StdPeriph_Driver/src/stm32f10x_exti.o
 .ARM.attributes
                0x0000007d       0x33 StdPeriph_Driver/src/stm32f10x_gpio.o
 .ARM.attributes
                0x000000b0       0x33 StdPeriph_Driver/src/stm32f10x_rcc.o
 .ARM.attributes
                0x000000e3       0x33 StdPeriph_Driver/src/stm32f10x_usart.o
 .ARM.attributes
                0x00000116       0x33 Third-Party/FreeRTOS/org/Source/list.o
 .ARM.attributes
                0x00000149       0x33 Third-Party/FreeRTOS/org/Source/tasks.o
 .ARM.attributes
                0x0000017c       0x33 Third-Party/FreeRTOS/org/Source/portable/GCC/ARM_CM3/port.o
 .ARM.attributes
                0x000001af       0x33 Third-Party/FreeRTOS/org/Source/portable/MemMang/heap_4.o
 .ARM.attributes
                0x000001e2       0x33 Third-Party/SEGGER/Config/SEGGER_SYSVIEW_Config_FreeRTOS.o
 .ARM.attributes
                0x00000215       0x33 Third-Party/SEGGER/OS/SEGGER_SYSVIEW_FreeRTOS.o
 .ARM.attributes
                0x00000248       0x33 Third-Party/SEGGER/SEGGER/SEGGER_RTT.o
 .ARM.attributes
                0x0000027b       0x33 Third-Party/SEGGER/SEGGER/SEGGER_SYSVIEW.o
 .ARM.attributes
                0x000002ae       0x33 src/main.o
 .ARM.attributes
                0x000002e1       0x33 src/system_stm32f10x.o
 .ARM.attributes
                0x00000314       0x21 startup/startup_stm32f10x_md.o
 .ARM.attributes
                0x00000335       0x2d c:/ac6/systemworkbench/plugins/fr.ac6.mcu.externaltools.arm-none.win32_1.17.0.201812190825/tools/compiler/bin/../lib/gcc/arm-none-eabi/7.3.1/../../../../arm-none-eabi/lib/thumb/v7-m\libc.a(lib_a-impure.o)
 .ARM.attributes
                0x00000362       0x2d c:/ac6/systemworkbench/plugins/fr.ac6.mcu.externaltools.arm-none.win32_1.17.0.201812190825/tools/compiler/bin/../lib/gcc/arm-none-eabi/7.3.1/../../../../arm-none-eabi/lib/thumb/v7-m\libc.a(lib_a-init.o)
 .ARM.attributes
                0x0000038f       0x2d c:/ac6/systemworkbench/plugins/fr.ac6.mcu.externaltools.arm-none.win32_1.17.0.201812190825/tools/compiler/bin/../lib/gcc/arm-none-eabi/7.3.1/../../../../arm-none-eabi/lib/thumb/v7-m\libc.a(lib_a-memcmp.o)
 .ARM.attributes
                0x000003bc       0x1b c:/ac6/systemworkbench/plugins/fr.ac6.mcu.externaltools.arm-none.win32_1.17.0.201812190825/tools/compiler/bin/../lib/gcc/arm-none-eabi/7.3.1/../../../../arm-none-eabi/lib/thumb/v7-m\libc.a(lib_a-memcpy.o)
 .ARM.attributes
                0x000003d7       0x2d c:/ac6/systemworkbench/plugins/fr.ac6.mcu.externaltools.arm-none.win32_1.17.0.201812190825/tools/compiler/bin/../lib/gcc/arm-none-eabi/7.3.1/../../../../arm-none-eabi/lib/thumb/v7-m\libc.a(lib_a-memset.o)
 .ARM.attributes
                0x00000404       0x2d c:/ac6/systemworkbench/plugins/fr.ac6.mcu.externaltools.arm-none.win32_1.17.0.201812190825/tools/compiler/bin/../lib/gcc/arm-none-eabi/7.3.1/../../../../arm-none-eabi/lib/thumb/v7-m\libc.a(lib_a-strlen-stub.o)
 .ARM.attributes
                0x00000431       0x2d c:/ac6/systemworkbench/plugins/fr.ac6.mcu.externaltools.arm-none.win32_1.17.0.201812190825/tools/compiler/bin/../lib/gcc/arm-none-eabi/7.3.1/../../../../arm-none-eabi/lib/thumb/v7-m\libc.a(lib_a-__call_atexit.o)
 .ARM.attributes
                0x0000045e       0x2d c:/ac6/systemworkbench/plugins/fr.ac6.mcu.externaltools.arm-none.win32_1.17.0.201812190825/tools/compiler/bin/../lib/gcc/arm-none-eabi/7.3.1/../../../../arm-none-eabi/lib/thumb/v7-m\libc.a(lib_a-atexit.o)
 .ARM.attributes
                0x0000048b       0x2d c:/ac6/systemworkbench/plugins/fr.ac6.mcu.externaltools.arm-none.win32_1.17.0.201812190825/tools/compiler/bin/../lib/gcc/arm-none-eabi/7.3.1/../../../../arm-none-eabi/lib/thumb/v7-m\libc.a(lib_a-fini.o)
 .ARM.attributes
                0x000004b8       0x2d c:/ac6/systemworkbench/plugins/fr.ac6.mcu.externaltools.arm-none.win32_1.17.0.201812190825/tools/compiler/bin/../lib/gcc/arm-none-eabi/7.3.1/../../../../arm-none-eabi/lib/thumb/v7-m\libc.a(lib_a-lock.o)
 .ARM.attributes
                0x000004e5       0x2d c:/ac6/systemworkbench/plugins/fr.ac6.mcu.externaltools.arm-none.win32_1.17.0.201812190825/tools/compiler/bin/../lib/gcc/arm-none-eabi/7.3.1/../../../../arm-none-eabi/lib/thumb/v7-m\libc.a(lib_a-__atexit.o)
 .ARM.attributes
                0x00000512       0x1d c:/ac6/systemworkbench/plugins/fr.ac6.mcu.externaltools.arm-none.win32_1.17.0.201812190825/tools/compiler/bin/../lib/gcc/arm-none-eabi/7.3.1/thumb/v7-m/crtn.o
OUTPUT(STM32_FreeRTOS_Led_and_Button_IT.elf elf32-littlearm)

.debug_info     0x00000000     0xcd9b
 .debug_info    0x00000000      0x361 StdPeriph_Driver/src/stm32f10x_exti.o
 .debug_info    0x00000361      0x702 StdPeriph_Driver/src/stm32f10x_gpio.o
 .debug_info    0x00000a63      0x8b2 StdPeriph_Driver/src/stm32f10x_rcc.o
 .debug_info    0x00001315      0x9fa StdPeriph_Driver/src/stm32f10x_usart.o
 .debug_info    0x00001d0f      0xad0 Third-Party/FreeRTOS/org/Source/list.o
 .debug_info    0x000027df     0x2157 Third-Party/FreeRTOS/org/Source/tasks.o
 .debug_info    0x00004936      0x2df Third-Party/FreeRTOS/org/Source/portable/GCC/ARM_CM3/port.o
 .debug_info    0x00004c15      0xb08 Third-Party/FreeRTOS/org/Source/portable/MemMang/heap_4.o
 .debug_info    0x0000571d       0xee Third-Party/SEGGER/Config/SEGGER_SYSVIEW_Config_FreeRTOS.o
 .debug_info    0x0000580b      0xb82 Third-Party/SEGGER/OS/SEGGER_SYSVIEW_FreeRTOS.o
 .debug_info    0x0000638d     0x16b9 Third-Party/SEGGER/SEGGER/SEGGER_RTT.o
 .debug_info    0x00007a46     0x3aea Third-Party/SEGGER/SEGGER/SEGGER_SYSVIEW.o
 .debug_info    0x0000b530     0x13d0 src/main.o
 .debug_info    0x0000c900      0x479 src/system_stm32f10x.o
 .debug_info    0x0000cd79       0x22 startup/startup_stm32f10x_md.o

.debug_abbrev   0x00000000     0x1e4f
 .debug_abbrev  0x00000000      0x16f StdPeriph_Driver/src/stm32f10x_exti.o
 .debug_abbrev  0x0000016f      0x1e4 StdPeriph_Driver/src/stm32f10x_gpio.o
 .debug_abbrev  0x00000353      0x1d4 StdPeriph_Driver/src/stm32f10x_rcc.o
 .debug_abbrev  0x00000527      0x194 StdPeriph_Driver/src/stm32f10x_usart.o
 .debug_abbrev  0x000006bb      0x205 Third-Party/FreeRTOS/org/Source/list.o
 .debug_abbrev  0x000008c0      0x395 Third-Party/FreeRTOS/org/Source/tasks.o
 .debug_abbrev  0x00000c55      0x1cb Third-Party/FreeRTOS/org/Source/portable/GCC/ARM_CM3/port.o
 .debug_abbrev  0x00000e20      0x273 Third-Party/FreeRTOS/org/Source/portable/MemMang/heap_4.o
 .debug_abbrev  0x00001093       0xb5 Third-Party/SEGGER/Config/SEGGER_SYSVIEW_Config_FreeRTOS.o
 .debug_abbrev  0x00001148      0x212 Third-Party/SEGGER/OS/SEGGER_SYSVIEW_FreeRTOS.o
 .debug_abbrev  0x0000135a      0x2d6 Third-Party/SEGGER/SEGGER/SEGGER_RTT.o
 .debug_abbrev  0x00001630      0x336 Third-Party/SEGGER/SEGGER/SEGGER_SYSVIEW.o
 .debug_abbrev  0x00001966      0x36b src/main.o
 .debug_abbrev  0x00001cd1      0x16c src/system_stm32f10x.o
 .debug_abbrev  0x00001e3d       0x12 startup/startup_stm32f10x_md.o

.debug_aranges  0x00000000      0xaa8
 .debug_aranges
                0x00000000       0x58 StdPeriph_Driver/src/stm32f10x_exti.o
 .debug_aranges
                0x00000058       0xa8 StdPeriph_Driver/src/stm32f10x_gpio.o
 .debug_aranges
                0x00000100      0x118 StdPeriph_Driver/src/stm32f10x_rcc.o
 .debug_aranges
                0x00000218      0x100 StdPeriph_Driver/src/stm32f10x_usart.o
 .debug_aranges
                0x00000318       0x40 Third-Party/FreeRTOS/org/Source/list.o
 .debug_aranges
                0x00000358      0x1e8 Third-Party/FreeRTOS/org/Source/tasks.o
 .debug_aranges
                0x00000540       0x70 Third-Party/FreeRTOS/org/Source/portable/GCC/ARM_CM3/port.o
 .debug_aranges
                0x000005b0       0x50 Third-Party/FreeRTOS/org/Source/portable/MemMang/heap_4.o
 .debug_aranges
                0x00000600       0x28 Third-Party/SEGGER/Config/SEGGER_SYSVIEW_Config_FreeRTOS.o
 .debug_aranges
                0x00000628       0x48 Third-Party/SEGGER/OS/SEGGER_SYSVIEW_FreeRTOS.o
 .debug_aranges
                0x00000670      0x110 Third-Party/SEGGER/SEGGER/SEGGER_RTT.o
 .debug_aranges
                0x00000780      0x268 Third-Party/SEGGER/SEGGER/SEGGER_SYSVIEW.o
 .debug_aranges
                0x000009e8       0x68 src/main.o
 .debug_aranges
                0x00000a50       0x30 src/system_stm32f10x.o
 .debug_aranges
                0x00000a80       0x28 startup/startup_stm32f10x_md.o

.debug_ranges   0x00000000      0x9c0
 .debug_ranges  0x00000000       0x48 StdPeriph_Driver/src/stm32f10x_exti.o
 .debug_ranges  0x00000048       0x98 StdPeriph_Driver/src/stm32f10x_gpio.o
 .debug_ranges  0x000000e0      0x108 StdPeriph_Driver/src/stm32f10x_rcc.o
 .debug_ranges  0x000001e8       0xf0 StdPeriph_Driver/src/stm32f10x_usart.o
 .debug_ranges  0x000002d8       0x30 Third-Party/FreeRTOS/org/Source/list.o
 .debug_ranges  0x00000308      0x1d8 Third-Party/FreeRTOS/org/Source/tasks.o
 .debug_ranges  0x000004e0       0x60 Third-Party/FreeRTOS/org/Source/portable/GCC/ARM_CM3/port.o
 .debug_ranges  0x00000540       0x40 Third-Party/FreeRTOS/org/Source/portable/MemMang/heap_4.o
 .debug_ranges  0x00000580       0x18 Third-Party/SEGGER/Config/SEGGER_SYSVIEW_Config_FreeRTOS.o
 .debug_ranges  0x00000598       0x38 Third-Party/SEGGER/OS/SEGGER_SYSVIEW_FreeRTOS.o
 .debug_ranges  0x000005d0      0x100 Third-Party/SEGGER/SEGGER/SEGGER_RTT.o
 .debug_ranges  0x000006d0      0x258 Third-Party/SEGGER/SEGGER/SEGGER_SYSVIEW.o
 .debug_ranges  0x00000928       0x58 src/main.o
 .debug_ranges  0x00000980       0x20 src/system_stm32f10x.o
 .debug_ranges  0x000009a0       0x20 startup/startup_stm32f10x_md.o

.debug_macro    0x00000000     0x2fed
 .debug_macro   0x00000000      0x1a1 StdPeriph_Driver/src/stm32f10x_exti.o
 .debug_macro   0x000001a1       0x97 StdPeriph_Driver/src/stm32f10x_exti.o
 .debug_macro   0x00000238      0x1ed StdPeriph_Driver/src/stm32f10x_gpio.o
 .debug_macro   0x00000425      0x2a7 StdPeriph_Driver/src/stm32f10x_gpio.o
 .debug_macro   0x000006cc      0x2bb StdPeriph_Driver/src/stm32f10x_rcc.o
 .debug_macro   0x00000987      0x3dc StdPeriph_Driver/src/stm32f10x_rcc.o
 .debug_macro   0x00000d63      0x253 StdPeriph_Driver/src/stm32f10x_usart.o
 .debug_macro   0x00000fb6      0x223 StdPeriph_Driver/src/stm32f10x_usart.o
 .debug_macro   0x000011d9      0x1b9 Third-Party/FreeRTOS/org/Source/list.o
 .debug_macro   0x00001392      0x2b4 Third-Party/FreeRTOS/org/Source/tasks.o
 .debug_macro   0x00001646       0x10 Third-Party/FreeRTOS/org/Source/tasks.o
 .debug_macro   0x00001656      0x1b1 Third-Party/FreeRTOS/org/Source/portable/GCC/ARM_CM3/port.o
 .debug_macro   0x00001807      0x1e0 Third-Party/FreeRTOS/org/Source/portable/MemMang/heap_4.o
 .debug_macro   0x000019e7      0x115 Third-Party/SEGGER/Config/SEGGER_SYSVIEW_Config_FreeRTOS.o
 .debug_macro   0x00001afc      0x1cf Third-Party/SEGGER/OS/SEGGER_SYSVIEW_FreeRTOS.o
 .debug_macro   0x00001ccb      0x164 Third-Party/SEGGER/SEGGER/SEGGER_RTT.o
 .debug_macro   0x00001e2f       0x4f Third-Party/SEGGER/SEGGER/SEGGER_RTT.o
 .debug_macro   0x00001e7e      0x115 Third-Party/SEGGER/SEGGER/SEGGER_RTT.o
 .debug_macro   0x00001f93      0x1f8 Third-Party/SEGGER/SEGGER/SEGGER_SYSVIEW.o
 .debug_macro   0x0000218b       0x65 Third-Party/SEGGER/SEGGER/SEGGER_SYSVIEW.o
 .debug_macro   0x000021f0       0x35 Third-Party/SEGGER/SEGGER/SEGGER_SYSVIEW.o
 .debug_macro   0x00002225      0x11b Third-Party/SEGGER/SEGGER/SEGGER_SYSVIEW.o
 .debug_macro   0x00002340      0x3f0 src/main.o
 .debug_macro   0x00002730       0x16 src/main.o
 .debug_macro   0x00002746       0x97 src/main.o
 .debug_macro   0x000027dd       0xfd src/main.o
 .debug_macro   0x000028da       0x10 src/main.o
 .debug_macro   0x000028ea       0x10 src/main.o
 .debug_macro   0x000028fa       0x1c src/main.o
 .debug_macro   0x00002916       0x52 src/main.o
 .debug_macro   0x00002968       0x40 src/main.o
 .debug_macro   0x000029a8       0x10 src/main.o
 .debug_macro   0x000029b8       0x40 src/main.o
 .debug_macro   0x000029f8       0xd7 src/main.o
 .debug_macro   0x00002acf       0x1c src/main.o
 .debug_macro   0x00002aeb       0x3d src/main.o
 .debug_macro   0x00002b28       0x16 src/main.o
 .debug_macro   0x00002b3e      0x16f src/main.o
 .debug_macro   0x00002cad      0x157 src/main.o
 .debug_macro   0x00002e04       0x4c src/main.o
 .debug_macro   0x00002e50      0x19d src/system_stm32f10x.o

.debug_line     0x00000000     0x837b
 .debug_line    0x00000000      0x696 StdPeriph_Driver/src/stm32f10x_exti.o
 .debug_line    0x00000696      0x7c0 StdPeriph_Driver/src/stm32f10x_gpio.o
 .debug_line    0x00000e56      0x8bc StdPeriph_Driver/src/stm32f10x_rcc.o
 .debug_line    0x00001712      0x88e StdPeriph_Driver/src/stm32f10x_usart.o
 .debug_line    0x00001fa0      0x6e4 Third-Party/FreeRTOS/org/Source/list.o
 .debug_line    0x00002684     0x1036 Third-Party/FreeRTOS/org/Source/tasks.o
 .debug_line    0x000036ba      0x71e Third-Party/FreeRTOS/org/Source/portable/GCC/ARM_CM3/port.o
 .debug_line    0x00003dd8      0x76b Third-Party/FreeRTOS/org/Source/portable/MemMang/heap_4.o
 .debug_line    0x00004543      0x605 Third-Party/SEGGER/Config/SEGGER_SYSVIEW_Config_FreeRTOS.o
 .debug_line    0x00004b48      0x776 Third-Party/SEGGER/OS/SEGGER_SYSVIEW_FreeRTOS.o
 .debug_line    0x000052be      0x7cf Third-Party/SEGGER/SEGGER/SEGGER_RTT.o
 .debug_line    0x00005a8d     0x16a2 Third-Party/SEGGER/SEGGER/SEGGER_SYSVIEW.o
 .debug_line    0x0000712f      0xb94 src/main.o
 .debug_line    0x00007cc3      0x63a src/system_stm32f10x.o
 .debug_line    0x000082fd       0x7e startup/startup_stm32f10x_md.o

.debug_str      0x00000000    0x61254
 .debug_str     0x00000000    0x4f109 StdPeriph_Driver/src/stm32f10x_exti.o
                              0x4f29a (size before relaxing)
 .debug_str     0x0004f109      0x5d3 StdPeriph_Driver/src/stm32f10x_gpio.o
                              0x4f689 (size before relaxing)
 .debug_str     0x0004f6dc      0xb59 StdPeriph_Driver/src/stm32f10x_rcc.o
                              0x4fc6f (size before relaxing)
 .debug_str     0x00050235      0x82c StdPeriph_Driver/src/stm32f10x_usart.o
                              0x4f999 (size before relaxing)
 .debug_str     0x00050a61     0x9a7e Third-Party/FreeRTOS/org/Source/list.o
                               0xd796 (size before relaxing)
 .debug_str     0x0005a4df     0x23af Third-Party/FreeRTOS/org/Source/tasks.o
                               0xfb87 (size before relaxing)
 .debug_str     0x0005c88e      0x61a Third-Party/FreeRTOS/org/Source/portable/GCC/ARM_CM3/port.o
                               0xb66d (size before relaxing)
 .debug_str     0x0005cea8      0x252 Third-Party/FreeRTOS/org/Source/portable/MemMang/heap_4.o
                               0xde86 (size before relaxing)
 .debug_str     0x0005d0fa      0x174 Third-Party/SEGGER/Config/SEGGER_SYSVIEW_Config_FreeRTOS.o
                               0xa39f (size before relaxing)
 .debug_str     0x0005d26e       0xfb Third-Party/SEGGER/OS/SEGGER_SYSVIEW_FreeRTOS.o
                               0xdcb9 (size before relaxing)
 .debug_str     0x0005d369      0xdca Third-Party/SEGGER/SEGGER/SEGGER_RTT.o
                               0x6dac (size before relaxing)
 .debug_str     0x0005e133     0x12fb Third-Party/SEGGER/SEGGER/SEGGER_SYSVIEW.o
                               0x8d51 (size before relaxing)
 .debug_str     0x0005f42e     0x1d67 src/main.o
                              0x5b045 (size before relaxing)
 .debug_str     0x00061195       0x8f src/system_stm32f10x.o
                              0x4f1fe (size before relaxing)
 .debug_str     0x00061224       0x30 startup/startup_stm32f10x_md.o
                                 0x74 (size before relaxing)

.comment        0x00000000       0x7f
 .comment       0x00000000       0x7f StdPeriph_Driver/src/stm32f10x_exti.o
                                 0x80 (size before relaxing)
 .comment       0x0000007f       0x80 StdPeriph_Driver/src/stm32f10x_gpio.o
 .comment       0x0000007f       0x80 StdPeriph_Driver/src/stm32f10x_rcc.o
 .comment       0x0000007f       0x80 StdPeriph_Driver/src/stm32f10x_usart.o
 .comment       0x0000007f       0x80 Third-Party/FreeRTOS/org/Source/list.o
 .comment       0x0000007f       0x80 Third-Party/FreeRTOS/org/Source/tasks.o
 .comment       0x0000007f       0x80 Third-Party/FreeRTOS/org/Source/portable/GCC/ARM_CM3/port.o
 .comment       0x0000007f       0x80 Third-Party/FreeRTOS/org/Source/portable/MemMang/heap_4.o
 .comment       0x0000007f       0x80 Third-Party/SEGGER/Config/SEGGER_SYSVIEW_Config_FreeRTOS.o
 .comment       0x0000007f       0x80 Third-Party/SEGGER/OS/SEGGER_SYSVIEW_FreeRTOS.o
 .comment       0x0000007f       0x80 Third-Party/SEGGER/SEGGER/SEGGER_RTT.o
 .comment       0x0000007f       0x80 Third-Party/SEGGER/SEGGER/SEGGER_SYSVIEW.o
 .comment       0x0000007f       0x80 src/main.o
 .comment       0x0000007f       0x80 src/system_stm32f10x.o

.debug_frame    0x00000000     0x2ea0
 .debug_frame   0x00000000      0x148 StdPeriph_Driver/src/stm32f10x_exti.o
 .debug_frame   0x00000148      0x2d0 StdPeriph_Driver/src/stm32f10x_gpio.o
 .debug_frame   0x00000418      0x4f4 StdPeriph_Driver/src/stm32f10x_rcc.o
 .debug_frame   0x0000090c      0x490 StdPeriph_Driver/src/stm32f10x_usart.o
 .debug_frame   0x00000d9c       0xd8 Third-Party/FreeRTOS/org/Source/list.o
 .debug_frame   0x00000e74      0x86c Third-Party/FreeRTOS/org/Source/tasks.o
 .debug_frame   0x000016e0      0x160 Third-Party/FreeRTOS/org/Source/portable/GCC/ARM_CM3/port.o
 .debug_frame   0x00001840      0x108 Third-Party/FreeRTOS/org/Source/portable/MemMang/heap_4.o
 .debug_frame   0x00001948       0x48 Third-Party/SEGGER/Config/SEGGER_SYSVIEW_Config_FreeRTOS.o
 .debug_frame   0x00001990      0x100 Third-Party/SEGGER/OS/SEGGER_SYSVIEW_FreeRTOS.o
 .debug_frame   0x00001a90      0x478 Third-Party/SEGGER/SEGGER/SEGGER_RTT.o
 .debug_frame   0x00001f08      0xb5c Third-Party/SEGGER/SEGGER/SEGGER_SYSVIEW.o
 .debug_frame   0x00002a64      0x170 src/main.o
 .debug_frame   0x00002bd4       0x7c src/system_stm32f10x.o
 .debug_frame   0x00002c50       0x2c c:/ac6/systemworkbench/plugins/fr.ac6.mcu.externaltools.arm-none.win32_1.17.0.201812190825/tools/compiler/bin/../lib/gcc/arm-none-eabi/7.3.1/../../../../arm-none-eabi/lib/thumb/v7-m\libc.a(lib_a-init.o)
 .debug_frame   0x00002c7c       0x38 c:/ac6/systemworkbench/plugins/fr.ac6.mcu.externaltools.arm-none.win32_1.17.0.201812190825/tools/compiler/bin/../lib/gcc/arm-none-eabi/7.3.1/../../../../arm-none-eabi/lib/thumb/v7-m\libc.a(lib_a-memcmp.o)
 .debug_frame   0x00002cb4       0x38 c:/ac6/systemworkbench/plugins/fr.ac6.mcu.externaltools.arm-none.win32_1.17.0.201812190825/tools/compiler/bin/../lib/gcc/arm-none-eabi/7.3.1/../../../../arm-none-eabi/lib/thumb/v7-m\libc.a(lib_a-memset.o)
 .debug_frame   0x00002cec       0x20 c:/ac6/systemworkbench/plugins/fr.ac6.mcu.externaltools.arm-none.win32_1.17.0.201812190825/tools/compiler/bin/../lib/gcc/arm-none-eabi/7.3.1/../../../../arm-none-eabi/lib/thumb/v7-m\libc.a(lib_a-strlen-stub.o)
 .debug_frame   0x00002d0c       0x5c c:/ac6/systemworkbench/plugins/fr.ac6.mcu.externaltools.arm-none.win32_1.17.0.201812190825/tools/compiler/bin/../lib/gcc/arm-none-eabi/7.3.1/../../../../arm-none-eabi/lib/thumb/v7-m\libc.a(lib_a-__call_atexit.o)
 .debug_frame   0x00002d68       0x20 c:/ac6/systemworkbench/plugins/fr.ac6.mcu.externaltools.arm-none.win32_1.17.0.201812190825/tools/compiler/bin/../lib/gcc/arm-none-eabi/7.3.1/../../../../arm-none-eabi/lib/thumb/v7-m\libc.a(lib_a-atexit.o)
 .debug_frame   0x00002d88       0x34 c:/ac6/systemworkbench/plugins/fr.ac6.mcu.externaltools.arm-none.win32_1.17.0.201812190825/tools/compiler/bin/../lib/gcc/arm-none-eabi/7.3.1/../../../../arm-none-eabi/lib/thumb/v7-m\libc.a(lib_a-fini.o)
 .debug_frame   0x00002dbc       0xb0 c:/ac6/systemworkbench/plugins/fr.ac6.mcu.externaltools.arm-none.win32_1.17.0.201812190825/tools/compiler/bin/../lib/gcc/arm-none-eabi/7.3.1/../../../../arm-none-eabi/lib/thumb/v7-m\libc.a(lib_a-lock.o)
 .debug_frame   0x00002e6c       0x34 c:/ac6/systemworkbench/plugins/fr.ac6.mcu.externaltools.arm-none.win32_1.17.0.201812190825/tools/compiler/bin/../lib/gcc/arm-none-eabi/7.3.1/../../../../arm-none-eabi/lib/thumb/v7-m\libc.a(lib_a-__atexit.o)
